// Jest Snapshot v1, https://goo.gl/fbAQLP

exports[`check some styles from element 1`] = `null`;
